###############################################################################
#
# IAR ELF Linker V9.30.1.335/W64 for ARM                  25/Dec/2022  16:25:28
# Copyright 2007-2022 IAR Systems AB.
#
#    Output file  =
#        D:\Term
#        7\Embedded\Project\Embedded-TivaC-Advanced-Calculator\Debug\Exe\project1_2.out
#    Map file     =
#        D:\Term
#        7\Embedded\Project\Embedded-TivaC-Advanced-Calculator\Debug\List\project1_2.map
#    Command line =
#        -f "D:\Term
#        7\Embedded\Project\Embedded-TivaC-Advanced-Calculator\Debug\Exe\project1_2.out.rsp"
#        ("D:\Term
#        7\Embedded\Project\Embedded-TivaC-Advanced-Calculator\Debug\Obj\DIO.o"
#        "D:\Term
#        7\Embedded\Project\Embedded-TivaC-Advanced-Calculator\Debug\Obj\KEYPAD.o"
#        "D:\Term
#        7\Embedded\Project\Embedded-TivaC-Advanced-Calculator\Debug\Obj\lcd.o"
#        "D:\Term
#        7\Embedded\Project\Embedded-TivaC-Advanced-Calculator\Debug\Obj\LED.o"
#        "D:\Term
#        7\Embedded\Project\Embedded-TivaC-Advanced-Calculator\Debug\Obj\main.o"
#        --no_out_extension -o "D:\Term
#        7\Embedded\Project\Embedded-TivaC-Advanced-Calculator\Debug\Exe\project1_2.out"
#        --redirect _Printf=_PrintfFullNoMb --redirect _Scanf=_ScanfFullNoMb
#        --map "D:\Term
#        7\Embedded\Project\Embedded-TivaC-Advanced-Calculator\Debug\List\project1_2.map"
#        --config "C:\Program Files\IAR Systems\Embedded Workbench
#        9.1\arm/config/linker/TexasInstruments/TM4C123GH6.icf" --semihosting
#        C:\ti\TivaWare_C_Series-2.2.0.295\driverlib\ewarm\Exe\driverlib.a
#        --entry __iar_program_start --vfe --text_out locale --cpu=Cortex-M4
#        --fpu=VFPv4_sp)
#
###############################################################################

*******************************************************************************
*** MESSAGES
***

Warning[Lt009]: Inconsistent wchar_t size
            gpio.o(driverlib.a) and 5 other objects in driverlib.a have wchar_t
                      size 16 bits
            DIO.o and 23 other objects, some of them in dl7M_tln.a and 11 other
                      libraries have wchar_t size 32 bits


*******************************************************************************
*** RUNTIME MODEL ATTRIBUTES
***

CppFlavor       = *
__CPP_Runtime   = 1
__SystemLibrary = DLib
__dlib_version  = 6


*******************************************************************************
*** HEAP SELECTION
***

The basic heap was selected because --advanced_heap
was not specified and the application did not appear to
be primarily optimized for speed.


*******************************************************************************
*** PLACEMENT SUMMARY
***

"A0":  place at address 0x0 { ro section .intvec };
"P1":  place in [from 0x0 to 0x3'ffff] { ro };
define block CSTACK with size = 4K, alignment = 8 { };
define block HEAP with size = 8K, alignment = 8 { };
"P2":  place in [from 0x2000'0000 to 0x2000'7fff] {
          rw, block CSTACK, block HEAP };
initialize by copy { rw };

  Section            Kind         Address    Size  Object
  -------            ----         -------    ----  ------
"A0":                                        0x40
  .intvec            ro code          0x0    0x40  vector_table_M.o [5]
                                   - 0x40    0x40

"P1":                                      0x2b84
  .text              ro code         0x40   0xe8e  xprintffull_nomb.o [2]
  .text              ro code        0xece    0x2a  copy_init3.o [5]
  .text              ro code        0xef8    0x16  strchr.o [5]
  .text              ro code        0xf0e    0x1a  xsnprout.o [2]
  .text              ro code        0xf28    0x40  xfail_s.o [2]
  .text              ro code        0xf68    0x36  strlen.o [5]
  .text              ro code        0xf9e     0x2  vectortrap_M.o [5]
  .text              ro code        0xfa0    0x58  memchr.o [5]
  .text              ro code        0xff8    0x76  ABImemcpy_unaligned.o [5]
  .text              ro code       0x1070    0x70  frexp.o [4]
  .text              ro code       0x10e0    0x34  DblCmpLe.o [4]
  .text              ro code       0x1114    0x34  DblCmpGe.o [4]
  .text              ro code       0x1148   0x13a  ldexp.o [4]
  .text              ro code       0x1284    0x36  DblToS32.o [4]
  .text              ro code       0x12bc    0x22  S32ToDbl.o [4]
  .text              ro code       0x12e0   0x24e  DblAddSub.o [4]
  .text              ro code       0x1530   0x246  DblDiv.o [4]
  .text              ro code       0x1778    0x22  DblToU32.o [4]
  .text              ro code       0x179c    0x1c  U32ToDbl.o [4]
  .text              ro code       0x17b8   0x1aa  DblMul.o [4]
  .text              ro code       0x1964   0x230  I64DivMod.o [5]
  .text              ro code       0x1b94     0x6  abort.o [2]
  .text              ro code       0x1b9c     0x2  I64DivZer.o [5]
  .text              ro code       0x1ba0    0x14  exit.o [6]
  .text              ro code       0x1bb4   0x590  main.o [1]
  .text              ro code       0x2144    0x44  snprintf.o [2]
  .text              ro code       0x2188   0x13e  lcd.o [1]
  .text              ro code       0x22c8    0xa2  timer.o [3]
  .text              ro code       0x236c   0x278  gpio.o [3]
  .text              ro code       0x25e4    0x40  systick.o [3]
  .text              ro code       0x2624    0x44  sysctl.o [3]
  .text              ro code       0x2668    0xb0  interrupt.o [3]
  .text              ro code       0x2718     0x6  ABImemclr.o [5]
  .text              ro code       0x2720    0xa8  KEYPAD.o [1]
  .text              ro code       0x27c8     0xa  isdigit.o [2]
  .text              ro code       0x27d4   0x152  iar_Stoulx.o [2]
  .text              ro code       0x2928    0x6a  DIO.o [1]
  .text              ro code       0x2994     0x8  cpu.o [3]
  .text              ro code       0x299c    0x5e  ABImemset.o [5]
  .rodata            const         0x29fc    0x50  iar_Stoulx.o [2]
  .text              ro code       0x2a4c    0x38  zero_init3.o [5]
  .text              ro code       0x2a84    0x28  data_init.o [5]
  .text              ro code       0x2aac    0x22  fpinit_M.o [4]
  .iar.init_table    const         0x2ad0    0x24  - Linker created -
  .text              ro code       0x2af4    0x1e  cmain.o [5]
  .text              ro code       0x2b12     0x4  low_level_init.o [2]
  .text              ro code       0x2b16     0x4  exit.o [2]
  .text              ro code       0x2b1c     0xa  cexit.o [5]
  .rodata            const         0x2b28    0x1c  main.o [1]
  .text              ro code       0x2b44    0x1c  cstartup_M.o [5]
  Initializer bytes  const         0x2b60    0x18  <for P2-1>
  .rodata            const         0x2b78    0x14  main.o [1]
  .rodata            const         0x2b8c     0xc  main.o [1]
  .rodata            const         0x2b98     0xc  main.o [1]
  .rodata            const         0x2ba4     0xc  main.o [1]
  .rodata            const         0x2bb0     0xc  main.o [1]
  .rodata            const         0x2bbc     0x8  main.o [1]
  .rodata            const         0x2bc4     0x0  zero_init3.o [5]
  .rodata            const         0x2bc4     0x0  copy_init3.o [5]
                                 - 0x2bc4  0x2b84

"P2", part 1 of 3:                           0x18
  P2-1                        0x2000'0000    0x15  <Init block>
    .data            inited   0x2000'0000    0x10  KEYPAD.o [1]
    .data            inited   0x2000'0010     0x4  lcd.o [1]
    .data            inited   0x2000'0014     0x1  main.o [1]
                            - 0x2000'0015    0x15

"P2", part 2 of 3:                          0x670
  VTABLE             zero     0x2000'0400   0x26c  interrupt.o [3]
  .bss               zero     0x2000'066c     0x4  main.o [1]
  .bss               zero     0x2000'0670     0x4  main.o [1]
  .bss               zero     0x2000'0674     0x4  main.o [1]
  .bss               zero     0x2000'0678     0x4  main.o [1]
  .bss               zero     0x2000'067c     0x4  main.o [1]
  .bss               zero     0x2000'0680     0x4  xfail_s.o [2]
  .bss               zero     0x2000'0684     0x1  main.o [1]
  .bss               zero     0x2000'0685     0x1  main.o [1]
  .bss               zero     0x2000'0686     0x1  main.o [1]
                            - 0x2000'0687   0x66f

"P2", part 3 of 3:                         0x1000
  CSTACK                      0x2000'0688  0x1000  <Block>
    CSTACK           uninit   0x2000'0688  0x1000  <Block tail>
                            - 0x2000'1688  0x1000

Unused ranges:

         From           To      Size
         ----           --      ----
       0x2bc4     0x3'ffff  0x3'd43c
  0x2000'1688  0x2000'7fff    0x6978


*******************************************************************************
*** INIT TABLE
***

          Address      Size
          -------      ----
Zero (__iar_zero_init3)
    1 destination range, total size 0x287:
          0x2000'0400  0x287

Copy (__iar_copy_init3)
    1 source range, total size 0x18 (114% of destination):
               0x2b60   0x18
    1 destination range, total size 0x15:
          0x2000'0000   0x15



*******************************************************************************
*** MODULE SUMMARY
***

    Module                 ro code  ro data  rw data
    ------                 -------  -------  -------
command line/config:
    ------------------------------------------------
    Total:

D:\Term 7\Embedded\Project\Embedded-TivaC-Advanced-Calculator\Debug\Obj: [1]
    DIO.o                      106
    KEYPAD.o                   168       16       16
    lcd.o                      318        4        4
    main.o                   1'424      105       24
    ------------------------------------------------
    Total:                   2'016      125       44

dl7M_tln.a: [2]
    abort.o                      6
    exit.o                       4
    iar_Stoulx.o               338       80
    isdigit.o                   10
    low_level_init.o             4
    snprintf.o                  68
    xfail_s.o                   64                 4
    xprintffull_nomb.o       3'726
    xsnprout.o                  26
    ------------------------------------------------
    Total:                   4'246       80        4

driverlib.a: [3]
    cpu.o                        8
    gpio.o                     632
    interrupt.o                176               620
    sysctl.o                    68
    systick.o                   64
    timer.o                    162
    ------------------------------------------------
    Total:                   1'110               620

m7M_tls.a: [4]
    DblAddSub.o                590
    DblCmpGe.o                  52
    DblCmpLe.o                  52
    DblDiv.o                   582
    DblMul.o                   426
    DblToS32.o                  54
    DblToU32.o                  34
    S32ToDbl.o                  34
    U32ToDbl.o                  28
    fpinit_M.o                  34
    frexp.o                    112
    ldexp.o                    314
    ------------------------------------------------
    Total:                   2'312

rt7M_tl.a: [5]
    ABImemclr.o                  6
    ABImemcpy_unaligned.o      118
    ABImemset.o                 94
    I64DivMod.o                560
    I64DivZer.o                  2
    cexit.o                     10
    cmain.o                     30
    copy_init3.o                42
    cstartup_M.o                28
    data_init.o                 40
    memchr.o                    88
    strchr.o                    22
    strlen.o                    54
    vector_table_M.o            64
    vectortrap_M.o               2
    zero_init3.o                56
    ------------------------------------------------
    Total:                   1'216

shb_l.a: [6]
    exit.o                      20
    ------------------------------------------------
    Total:                      20

    Gaps                        34        6    1'000
    Linker created                       39    4'096
----------------------------------------------------
    Grand Total:            10'954      250    5'764


*******************************************************************************
*** ENTRY LIST
***

Entry                       Address   Size  Type      Object
-----                       -------   ----  ----      ------
.iar.init_table$$Base        0x2ad0          --   Gb  - Linker created -
.iar.init_table$$Limit       0x2af4          --   Gb  - Linker created -
?main                        0x2af5         Code  Gb  cmain.o [5]
BusFault_Handler              0xf9f         Code  Wk  vectortrap_M.o [5]
CPUcpsie                     0x2995    0x8  Code  Gb  cpu.o [3]
CSTACK$$Base            0x2000'0688          --   Gb  - Linker created -
CSTACK$$Limit           0x2000'1688          --   Gb  - Linker created -
Calculator                   0x1d61  0x13c  Code  Gb  main.o [1]
Change_mode                  0x2051   0x30  Code  Gb  main.o [1]
DIO_Init_port                0x2929   0x3a  Code  Gb  DIO.o [1]
DIO_WritePin                 0x296f   0x24  Code  Gb  DIO.o [1]
DIO_WritePort                0x2969    0x6  Code  Gb  DIO.o [1]
DebugMon_Handler              0xf9f         Code  Wk  vectortrap_M.o [5]
GPIOIntClear                 0x240f    0x6  Code  Gb  gpio.o [3]
GPIOIntEnable                0x23f9    0x6  Code  Gb  gpio.o [3]
GPIOIntRegister              0x2415   0x14  Code  Gb  gpio.o [3]
GPIOIntStatus                0x23ff   0x10  Code  Gb  gpio.o [3]
GPIOIntTypeSet               0x23ad   0x4c  Code  Gb  gpio.o [3]
GPIOPinWrite                 0x2431    0x6  Code  Gb  gpio.o [3]
HardFault_Handler             0xf9f         Code  Wk  vectortrap_M.o [5]
IntEnable                    0x269f   0x56  Code  Gb  interrupt.o [3]
IntMasterEnable              0x2669    0x8  Code  Gb  interrupt.o [3]
IntRegister                  0x2679   0x26  Code  Gb  interrupt.o [3]
KEYPAD_READ                  0x2765   0x4a  Code  Gb  KEYPAD.o [1]
KEYPAD_init                  0x2721   0x2e  Code  Gb  KEYPAD.o [1]
LCD_Command                  0x21e5   0x4a  Code  Gb  lcd.o [1]
LCD_Data                     0x222f   0x4a  Code  Gb  lcd.o [1]
LCD_Displaystring            0x2279   0x2e  Code  Gb  lcd.o [1]
LCD_clear_screen             0x22bd    0xa  Code  Gb  lcd.o [1]
LCD_init                     0x219f   0x46  Code  Gb  lcd.o [1]
MemManage_Handler             0xf9f         Code  Wk  vectortrap_M.o [5]
NMI_Handler                   0xf9f         Code  Wk  vectortrap_M.o [5]
PendSV_Handler                0xf9f         Code  Wk  vectortrap_M.o [5]
Region$$Table$$Base          0x2ad0          --   Gb  - Linker created -
Region$$Table$$Limit         0x2af4          --   Gb  - Linker created -
SVC_Handler                   0xf9f         Code  Wk  vectortrap_M.o [5]
Stop_Display                 0x1ca5    0xc  Code  Gb  main.o [1]
Stop_LCD                     0x1bf9   0x44  Code  Gb  main.o [1]
Stop__mode              0x2000'0684    0x1  Data  Gb  main.o [1]
Stop_mode                    0x1fb1   0x68  Code  Gb  main.o [1]
Stop_sec                0x2000'0670    0x4  Data  Gb  main.o [1]
SysCtlPeripheralEnable       0x2645    0x8  Code  Gb  sysctl.o [3]
SysCtlPeripheralReady        0x2625    0x8  Code  Gb  sysctl.o [3]
SysTickDisable               0x25f1    0xc  Code  Gb  systick.o [3]
SysTickEnable                0x25e5    0xc  Code  Gb  systick.o [3]
SysTickIntRegister           0x25fd   0x16  Code  Gb  systick.o [3]
SysTickPeriodSet             0x2613    0x8  Code  Gb  systick.o [3]
SysTick_Handler               0xf9f         Code  Wk  vectortrap_M.o [5]
TimerConfigure               0x22e1   0x52  Code  Gb  timer.o [3]
TimerDisable                 0x22d5    0xc  Code  Gb  timer.o [3]
TimerEnable                  0x22c9    0xc  Code  Gb  timer.o [3]
TimerHandler                 0x1cb1   0x12  Code  Gb  main.o [1]
TimerIntClear                0x2367    0x4  Code  Gb  timer.o [3]
TimerIntEnable               0x2355    0x4  Code  Gb  timer.o [3]
TimerLoadSet                 0x2345   0x10  Code  Gb  timer.o [3]
Timer_Count             0x2000'0678    0x4  Data  Gb  main.o [1]
Timer_Display                0x1c3d   0x68  Code  Gb  main.o [1]
Timer_LCD                    0x1bb5   0x44  Code  Gb  main.o [1]
Timer__mode             0x2000'0685    0x1  Data  Gb  main.o [1]
Timer_c                 0x2000'0014    0x1  Data  Gb  main.o [1]
Timer_enable                 0x1d49   0x18  Code  Gb  main.o [1]
Timer_init                   0x1d07   0x42  Code  Gb  main.o [1]
Timer_mode                   0x1e9d  0x114  Code  Gb  main.o [1]
Timer_sec               0x2000'0674    0x4  Data  Gb  main.o [1]
TivaIntButtons               0x2019   0x32  Code  Gb  main.o [1]
Toggle_LED                   0x1cd9   0x2e  Code  Gb  main.o [1]
UsageFault_Handler            0xf9f         Code  Wk  vectortrap_M.o [5]
_GPIOIntNumberGet            0x236d   0x40  Code  Lc  gpio.o [3]
_LC                            0x41    0x6  Code  Lc  xprintffull_nomb.o [2]
_LitobFullNoMb                0xcd1  0x114  Code  Lc  xprintffull_nomb.o [2]
_PrintfFullNoMb                0x47  0xc76  Code  Gb  xprintffull_nomb.o [2]
_PutcharsFullNoMb             0xe3d   0x2e  Code  Lc  xprintffull_nomb.o [2]
_SNProut                      0xf0f   0x1a  Code  Gb  xsnprout.o [2]
__aeabi_cdcmple              0x10e1         Code  Gb  DblCmpLe.o [4]
__aeabi_cdrcmple             0x1115         Code  Gb  DblCmpGe.o [4]
__aeabi_d2iz                 0x1285         Code  Gb  DblToS32.o [4]
__aeabi_d2uiz                0x1779         Code  Gb  DblToU32.o [4]
__aeabi_ddiv                 0x1531         Code  Gb  DblDiv.o [4]
__aeabi_dmul                 0x17b9         Code  Gb  DblMul.o [4]
__aeabi_dsub                 0x144d         Code  Gb  DblAddSub.o [4]
__aeabi_i2d                  0x12bd         Code  Gb  S32ToDbl.o [4]
__aeabi_ldiv0                0x1b9d         Code  Gb  I64DivZer.o [5]
__aeabi_memclr               0x2719         Code  Gb  ABImemclr.o [5]
__aeabi_ui2d                 0x179d         Code  Gb  U32ToDbl.o [4]
__aeabi_uldivmod             0x1965         Code  Gb  I64DivMod.o [5]
__cmain                      0x2af5         Code  Gb  cmain.o [5]
__exit                       0x1ba1   0x14  Code  Gb  exit.o [6]
__iar_Fail_s                  0xf29   0x1c  Code  Gb  xfail_s.o [2]
__iar_Memchr                  0xfa1         Code  Gb  memchr.o [5]
__iar_Memset_word            0x299d         Code  Gb  ABImemset.o [5]
__iar_Stoul                  0x2919    0x2  Code  Gb  iar_Stoulx.o [2]
__iar_Stoulx                 0x27d5  0x13e  Code  Gb  iar_Stoulx.o [2]
__iar_Strchr                  0xef9         Code  Gb  strchr.o [5]
__iar_copy_init3              0xecf   0x2a  Code  Gb  copy_init3.o [5]
__iar_data_init3             0x2a85   0x28  Code  Gb  data_init.o [5]
__iar_frexp                  0x107d         Code  Gb  frexp.o [4]
__iar_frexpl                 0x107d         Code  Gb  frexp.o [4]
__iar_init_vfp               0x2aad         Code  Gb  fpinit_M.o [4]
__iar_ldexp64                0x1149         Code  Gb  ldexp.o [4]
__iar_program_start          0x2b45         Code  Gb  cstartup_M.o [5]
__iar_scalbln64              0x1149         Code  Gb  ldexp.o [4]
__iar_scalbn64               0x1149         Code  Gb  ldexp.o [4]
__iar_softfp___iar_frexp64
                             0x1071         Code  Gb  frexp.o [4]
__iar_softfp_frexp           0x1071         Code  Gb  frexp.o [4]
__iar_softfp_frexpl          0x1071         Code  Gb  frexp.o [4]
__iar_unaligned_memcpy        0xff9         Code  Gb  ABImemcpy_unaligned.o [5]
__iar_unaligned_memcpy4
                             0x1019         Code  Gb  ABImemcpy_unaligned.o [5]
__iar_unaligned_memcpy8
                             0x1019         Code  Gb  ABImemcpy_unaligned.o [5]
__iar_zero_init3             0x2a4d   0x38  Code  Gb  zero_init3.o [5]
__low_level_init             0x2b13    0x4  Code  Gb  low_level_init.o [2]
__vector_table                  0x0         Data  Gb  vector_table_M.o [5]
_call_main                   0x2b01         Code  Gb  cmain.o [5]
_exit                        0x2b1d         Code  Gb  cexit.o [5]
a                       0x2000'0686    0x1  Data  Gb  main.o [1]
abort                        0x1b95    0x6  Code  Gb  abort.o [2]
array1                  0x2000'0000   0x10  Data  Gb  KEYPAD.o [1]
atoi                         0x291b    0x2  Code  Gb  iar_Stoulx.o [2]
d                       0x2000'0010    0x4  Data  Gb  lcd.o [1]
delay                        0x2189   0x16  Code  Gb  lcd.o [1]
delay2                       0x1cc3   0x16  Code  Gb  main.o [1]
delay3                       0x274f   0x16  Code  Gb  KEYPAD.o [1]
digits                       0x2a24   0x28  Data  Lc  iar_Stoulx.o [2]
exit                         0x2b17    0x4  Code  Gb  exit.o [2]
g_pfnRAMVectors         0x2000'0400  0x26c  Data  Lc  interrupt.o [3]
g_ppui32GPIOIntMapBlizzard
                             0x244c   0xc0  Data  Lc  gpio.o [3]
g_ppui32GPIOIntMapSnowflake
                             0x250c   0xd8  Data  Lc  gpio.o [3]
g_pui32EnRegs                0x2704   0x14  Data  Lc  interrupt.o [3]
isdigit                      0x27c9    0xa  Code  Wk  isdigit.o [2]
ldexp                        0x1149         Code  Gb  ldexp.o [4]
ldexpl                       0x1149         Code  Gb  ldexp.o [4]
main                         0x2081   0x62  Code  Gb  main.o [1]
memchr                        0xfa1         Code  Gb  memchr.o [5]
mode                    0x2000'066c    0x4  Data  Gb  main.o [1]
ndigs                        0x29fc   0x28  Data  Lc  iar_Stoulx.o [2]
scalbln                      0x1149         Code  Gb  ldexp.o [4]
scalblnl                     0x1149         Code  Gb  ldexp.o [4]
scalbn                       0x1149         Code  Gb  ldexp.o [4]
scalbnl                      0x1149         Code  Gb  ldexp.o [4]
scale                         0xde5   0x46  Code  Lc  xprintffull_nomb.o [2]
sec_hand                0x2000'0680    0x4  Data  Lc  xfail_s.o [2]
snprintf                     0x2145   0x44  Code  Gb  snprintf.o [2]
st                      0x2000'067c    0x4  Data  Gb  main.o [1]
strchr                        0xef9         Code  Gb  strchr.o [5]
strlen                        0xf69         Code  Gb  strlen.o [5]


[1] = D:\Term 7\Embedded\Project\Embedded-TivaC-Advanced-Calculator\Debug\Obj
[2] = dl7M_tln.a
[3] = driverlib.a
[4] = m7M_tls.a
[5] = rt7M_tl.a
[6] = shb_l.a

  10'954 bytes of readonly  code memory
     250 bytes of readonly  data memory
   5'764 bytes of readwrite data memory

Errors: none
Warnings: 1
